{
    "Control statistics": {
        "content": [
            "Control=VDR\nAssembly=GRCh37\nSemanticType=SampleTable[Statistics]\nPlatform=WGS\n",
            "\tcount\tmean\tstd\tmin\t25%\t50%\t75%\tmax\nHG00436_subset\t69496.0\t39.40162023713595\t6.946397689445708\t9.0\t35.0\t39.0\t44.0\t66.0\n"
        ],
        "meta": {
            "nf-test": "0.8.4",
            "nextflow": "24.04.3"
        },
        "timestamp": "2024-10-03T09:38:57.023494"
    }
}