{
    "Make a VCF for pypgx": {
        "content": [
            null,
            [
                "versions.yml:md5,6afe5f69d9cb49f74eb1958a8ba2e990"
            ]
        ],
        "meta": {
            "nf-test": "0.9.0",
            "nextflow": "24.04.4"
        },
        "timestamp": "2024-09-16T14:27:36.25545224"
    }
}