{
    "Should output a bed file with PGx regions": {
        "content": [
            [
                "pypgx_regions.bed:md5,840bb9e169eba12d3f396fa6e7b3ae5c"
            ],
            [
                "versions.yml:md5,5de98877960be54a2837c55c430cd55f"
            ]
        ],
        "meta": {
            "nf-test": "0.8.4",
            "nextflow": "24.04.3"
        },
        "timestamp": "2024-09-26T11:44:02.060873"
    }
}