{
    "CYP2D6 test": {
        "content": [
            {
                "0": [
                    "CYP2D6_mqc_SV_QA.csv:md5,5f8926bffef4987f971aa2ed201b2caa"
                ],
                "csv": [
                    "CYP2D6_mqc_SV_QA.csv:md5,5f8926bffef4987f971aa2ed201b2caa"
                ]
            }
        ],
        "meta": {
            "nf-test": "0.8.4",
            "nextflow": "24.04.4"
        },
        "timestamp": "2025-03-06T14:12:16.534534"
    }
}