{
    "Test excel star allele calling": {
        "content": [
            [
                [
                    "CYP2D6",
                    "HG00436_subset_CYP2D6_alleles.csv:md5,401499201bcd0daf0bd2a8487ce77459"
                ]
            ]
        ],
        "meta": {
            "nf-test": "0.8.4",
            "nextflow": "24.04.3"
        },
        "timestamp": "2024-09-18T13:22:54.079347"
    }
}